---
source: crates/react_hermes_parser/tests/parser_test.rs
expression: "format!(\"Input:\\n{input}\\n\\nOutput:\\n{output}\")"
input_file: crates/react_hermes_parser/tests/fixtures/obj-mutated-after-if-else-with-alias.js
---
Input:
function foo(a, b, c, d) {
  let x = someObj();
  if (a) {
    const y = someObj();
    const z = y;
    x = z;
  } else {
    x = someObj();
  }

  x.f = 1;
  return x;
}


Output:
{
  "type": "Program",
  "body": [
    {
      "type": "FunctionDeclaration",
      "id": {
        "type": "Identifier",
        "name": "foo",
        "typeAnnotation": null,
        "loc": null,
        "range": [
          9,
          12
        ]
      },
      "params": [
        {
          "type": "Identifier",
          "name": "a",
          "typeAnnotation": null,
          "loc": null,
          "range": [
            13,
            14
          ]
        },
        {
          "type": "Identifier",
          "name": "b",
          "typeAnnotation": null,
          "loc": null,
          "range": [
            16,
            17
          ]
        },
        {
          "type": "Identifier",
          "name": "c",
          "typeAnnotation": null,
          "loc": null,
          "range": [
            19,
            20
          ]
        },
        {
          "type": "Identifier",
          "name": "d",
          "typeAnnotation": null,
          "loc": null,
          "range": [
            22,
            23
          ]
        }
      ],
      "body": {
        "type": "BlockStatement",
        "body": [
          {
            "type": "VariableDeclaration",
            "kind": "let",
            "declarations": [
              {
                "type": "VariableDeclarator",
                "id": {
                  "type": "Identifier",
                  "name": "x",
                  "typeAnnotation": null,
                  "loc": null,
                  "range": [
                    33,
                    34
                  ]
                },
                "init": {
                  "type": "CallExpression",
                  "callee": {
                    "type": "Identifier",
                    "name": "someObj",
                    "typeAnnotation": null,
                    "loc": null,
                    "range": [
                      37,
                      44
                    ]
                  },
                  "arguments": [],
                  "loc": null,
                  "range": [
                    37,
                    46
                  ]
                },
                "loc": null,
                "range": [
                  33,
                  46
                ]
              }
            ],
            "loc": null,
            "range": [
              29,
              47
            ]
          },
          {
            "type": "IfStatement",
            "test": {
              "type": "Identifier",
              "name": "a",
              "typeAnnotation": null,
              "loc": null,
              "range": [
                54,
                55
              ]
            },
            "consequent": {
              "type": "BlockStatement",
              "body": [
                {
                  "type": "VariableDeclaration",
                  "kind": "const",
                  "declarations": [
                    {
                      "type": "VariableDeclarator",
                      "id": {
                        "type": "Identifier",
                        "name": "y",
                        "typeAnnotation": null,
                        "loc": null,
                        "range": [
                          69,
                          70
                        ]
                      },
                      "init": {
                        "type": "CallExpression",
                        "callee": {
                          "type": "Identifier",
                          "name": "someObj",
                          "typeAnnotation": null,
                          "loc": null,
                          "range": [
                            73,
                            80
                          ]
                        },
                        "arguments": [],
                        "loc": null,
                        "range": [
                          73,
                          82
                        ]
                      },
                      "loc": null,
                      "range": [
                        69,
                        82
                      ]
                    }
                  ],
                  "loc": null,
                  "range": [
                    63,
                    83
                  ]
                },
                {
                  "type": "VariableDeclaration",
                  "kind": "const",
                  "declarations": [
                    {
                      "type": "VariableDeclarator",
                      "id": {
                        "type": "Identifier",
                        "name": "z",
                        "typeAnnotation": null,
                        "loc": null,
                        "range": [
                          94,
                          95
                        ]
                      },
                      "init": {
                        "type": "Identifier",
                        "name": "y",
                        "typeAnnotation": null,
                        "loc": null,
                        "range": [
                          98,
                          99
                        ]
                      },
                      "loc": null,
                      "range": [
                        94,
                        99
                      ]
                    }
                  ],
                  "loc": null,
                  "range": [
                    88,
                    100
                  ]
                },
                {
                  "type": "ExpressionStatement",
                  "expression": {
                    "type": "AssignmentExpression",
                    "operator": "=",
                    "left": {
                      "type": "Identifier",
                      "name": "x",
                      "typeAnnotation": null,
                      "loc": null,
                      "range": [
                        105,
                        106
                      ]
                    },
                    "right": {
                      "type": "Identifier",
                      "name": "z",
                      "typeAnnotation": null,
                      "loc": null,
                      "range": [
                        109,
                        110
                      ]
                    },
                    "loc": null,
                    "range": [
                      105,
                      110
                    ]
                  },
                  "directive": null,
                  "loc": null,
                  "range": [
                    105,
                    111
                  ]
                }
              ],
              "loc": null,
              "range": [
                57,
                115
              ]
            },
            "alternate": {
              "type": "BlockStatement",
              "body": [
                {
                  "type": "ExpressionStatement",
                  "expression": {
                    "type": "AssignmentExpression",
                    "operator": "=",
                    "left": {
                      "type": "Identifier",
                      "name": "x",
                      "typeAnnotation": null,
                      "loc": null,
                      "range": [
                        127,
                        128
                      ]
                    },
                    "right": {
                      "type": "CallExpression",
                      "callee": {
                        "type": "Identifier",
                        "name": "someObj",
                        "typeAnnotation": null,
                        "loc": null,
                        "range": [
                          131,
                          138
                        ]
                      },
                      "arguments": [],
                      "loc": null,
                      "range": [
                        131,
                        140
                      ]
                    },
                    "loc": null,
                    "range": [
                      127,
                      140
                    ]
                  },
                  "directive": null,
                  "loc": null,
                  "range": [
                    127,
                    141
                  ]
                }
              ],
              "loc": null,
              "range": [
                121,
                145
              ]
            },
            "loc": null,
            "range": [
              50,
              145
            ]
          },
          {
            "type": "ExpressionStatement",
            "expression": {
              "type": "AssignmentExpression",
              "operator": "=",
              "left": {
                "type": "MemberExpression",
                "object": {
                  "type": "Identifier",
                  "name": "x",
                  "typeAnnotation": null,
                  "loc": null,
                  "range": [
                    149,
                    150
                  ]
                },
                "property": {
                  "type": "Identifier",
                  "name": "f",
                  "typeAnnotation": null,
                  "loc": null,
                  "range": [
                    151,
                    152
                  ]
                },
                "computed": false,
                "loc": null,
                "range": [
                  149,
                  152
                ]
              },
              "right": {
                "type": "NumericLiteral",
                "value": 1.0,
                "loc": null,
                "range": [
                  155,
                  156
                ]
              },
              "loc": null,
              "range": [
                149,
                156
              ]
            },
            "directive": null,
            "loc": null,
            "range": [
              149,
              157
            ]
          },
          {
            "type": "ReturnStatement",
            "argument": {
              "type": "Identifier",
              "name": "x",
              "typeAnnotation": null,
              "loc": null,
              "range": [
                167,
                168
              ]
            },
            "loc": null,
            "range": [
              160,
              169
            ]
          }
        ],
        "loc": null,
        "range": [
          25,
          171
        ]
      },
      "generator": false,
      "async": false,
      "loc": null,
      "range": [
        0,
        171
      ],
      "loc": null,
      "range": [
        0,
        171
      ]
    }
  ],
  "sourceType": "script",
  "loc": null,
  "range": [
    0,
    171
  ]
}
