---
source: crates/react_hermes_parser/tests/parser_test.rs
expression: "format!(\"Input:\\n{input}\\n\\nOutput:\\n{output}\")"
input_file: crates/react_hermes_parser/tests/fixtures/method-call-fn-call.js
---
Input:
function foo(a, b, c) {
  // Construct and freeze x
  const x = makeObject(a);
  <div>{x}</div>;

  // y should depend on `x` and `b`
  const method = x.method;
  const y = method.call(x, b);
  return y;
}


Output:
{
  "type": "Program",
  "body": [
    {
      "type": "FunctionDeclaration",
      "id": {
        "type": "Identifier",
        "name": "foo",
        "typeAnnotation": null,
        "loc": null,
        "range": [
          9,
          12
        ]
      },
      "params": [
        {
          "type": "Identifier",
          "name": "a",
          "typeAnnotation": null,
          "loc": null,
          "range": [
            13,
            14
          ]
        },
        {
          "type": "Identifier",
          "name": "b",
          "typeAnnotation": null,
          "loc": null,
          "range": [
            16,
            17
          ]
        },
        {
          "type": "Identifier",
          "name": "c",
          "typeAnnotation": null,
          "loc": null,
          "range": [
            19,
            20
          ]
        }
      ],
      "body": {
        "type": "BlockStatement",
        "body": [
          {
            "type": "VariableDeclaration",
            "kind": "const",
            "declarations": [
              {
                "type": "VariableDeclarator",
                "id": {
                  "type": "Identifier",
                  "name": "x",
                  "typeAnnotation": null,
                  "loc": null,
                  "range": [
                    60,
                    61
                  ]
                },
                "init": {
                  "type": "CallExpression",
                  "callee": {
                    "type": "Identifier",
                    "name": "makeObject",
                    "typeAnnotation": null,
                    "loc": null,
                    "range": [
                      64,
                      74
                    ]
                  },
                  "arguments": [
                    {
                      "type": "Identifier",
                      "name": "a",
                      "typeAnnotation": null,
                      "loc": null,
                      "range": [
                        75,
                        76
                      ]
                    }
                  ],
                  "loc": null,
                  "range": [
                    64,
                    77
                  ]
                },
                "loc": null,
                "range": [
                  60,
                  77
                ]
              }
            ],
            "loc": null,
            "range": [
              54,
              78
            ]
          },
          {
            "type": "ExpressionStatement",
            "expression": {
              "type": "JSXElement",
              "openingElement": {
                "type": "JSXOpeningElement",
                "name": {
                  "type": "JSXIdentifier",
                  "name": "div",
                  "loc": null,
                  "range": [
                    82,
                    85
                  ]
                },
                "attributes": [],
                "selfClosing": false,
                "loc": null,
                "range": [
                  81,
                  86
                ]
              },
              "children": [
                {
                  "type": "JSXExpressionContainer",
                  "expression": {
                    "type": "Identifier",
                    "name": "x",
                    "typeAnnotation": null,
                    "loc": null,
                    "range": [
                      87,
                      88
                    ]
                  },
                  "loc": null,
                  "range": [
                    86,
                    89
                  ]
                }
              ],
              "closingElement": {
                "type": "JSXClosingElement",
                "name": {
                  "type": "JSXIdentifier",
                  "name": "div",
                  "loc": null,
                  "range": [
                    91,
                    94
                  ]
                },
                "loc": null,
                "range": [
                  89,
                  95
                ]
              },
              "loc": null,
              "range": [
                81,
                95
              ]
            },
            "directive": null,
            "loc": null,
            "range": [
              81,
              96
            ]
          },
          {
            "type": "VariableDeclaration",
            "kind": "const",
            "declarations": [
              {
                "type": "VariableDeclarator",
                "id": {
                  "type": "Identifier",
                  "name": "method",
                  "typeAnnotation": null,
                  "loc": null,
                  "range": [
                    142,
                    148
                  ]
                },
                "init": {
                  "type": "MemberExpression",
                  "object": {
                    "type": "Identifier",
                    "name": "x",
                    "typeAnnotation": null,
                    "loc": null,
                    "range": [
                      151,
                      152
                    ]
                  },
                  "property": {
                    "type": "Identifier",
                    "name": "method",
                    "typeAnnotation": null,
                    "loc": null,
                    "range": [
                      153,
                      159
                    ]
                  },
                  "computed": false,
                  "loc": null,
                  "range": [
                    151,
                    159
                  ]
                },
                "loc": null,
                "range": [
                  142,
                  159
                ]
              }
            ],
            "loc": null,
            "range": [
              136,
              160
            ]
          },
          {
            "type": "VariableDeclaration",
            "kind": "const",
            "declarations": [
              {
                "type": "VariableDeclarator",
                "id": {
                  "type": "Identifier",
                  "name": "y",
                  "typeAnnotation": null,
                  "loc": null,
                  "range": [
                    169,
                    170
                  ]
                },
                "init": {
                  "type": "CallExpression",
                  "callee": {
                    "type": "MemberExpression",
                    "object": {
                      "type": "Identifier",
                      "name": "method",
                      "typeAnnotation": null,
                      "loc": null,
                      "range": [
                        173,
                        179
                      ]
                    },
                    "property": {
                      "type": "Identifier",
                      "name": "call",
                      "typeAnnotation": null,
                      "loc": null,
                      "range": [
                        180,
                        184
                      ]
                    },
                    "computed": false,
                    "loc": null,
                    "range": [
                      173,
                      184
                    ]
                  },
                  "arguments": [
                    {
                      "type": "Identifier",
                      "name": "x",
                      "typeAnnotation": null,
                      "loc": null,
                      "range": [
                        185,
                        186
                      ]
                    },
                    {
                      "type": "Identifier",
                      "name": "b",
                      "typeAnnotation": null,
                      "loc": null,
                      "range": [
                        188,
                        189
                      ]
                    }
                  ],
                  "loc": null,
                  "range": [
                    173,
                    190
                  ]
                },
                "loc": null,
                "range": [
                  169,
                  190
                ]
              }
            ],
            "loc": null,
            "range": [
              163,
              191
            ]
          },
          {
            "type": "ReturnStatement",
            "argument": {
              "type": "Identifier",
              "name": "y",
              "typeAnnotation": null,
              "loc": null,
              "range": [
                201,
                202
              ]
            },
            "loc": null,
            "range": [
              194,
              203
            ]
          }
        ],
        "loc": null,
        "range": [
          22,
          205
        ]
      },
      "generator": false,
      "async": false,
      "loc": null,
      "range": [
        0,
        205
      ],
      "loc": null,
      "range": [
        0,
        205
      ]
    }
  ],
  "sourceType": "script",
  "loc": null,
  "range": [
    0,
    205
  ]
}
