---
source: crates/react_hermes_parser/tests/parser_test.rs
expression: "format!(\"Input:\\n{input}\\n\\nOutput:\\n{output}\")"
input_file: crates/react_hermes_parser/tests/fixtures/reduce-reactive-uncond-deps-subpath-order2.js
---
Input:
// Determine that we only need to track p.a here
// Ordering of access should not matter
function TestDepsSubpathOrder2(props) {
  let x = {};
  x.a = props.a;
  x.b = props.a.b;
  x.c = props.a.b.c;
  return x;
}


Output:
{
  "type": "Program",
  "body": [
    {
      "type": "FunctionDeclaration",
      "id": {
        "type": "Identifier",
        "name": "TestDepsSubpathOrder2",
        "typeAnnotation": null,
        "loc": null,
        "range": [
          98,
          119
        ]
      },
      "params": [
        {
          "type": "Identifier",
          "name": "props",
          "typeAnnotation": null,
          "loc": null,
          "range": [
            120,
            125
          ]
        }
      ],
      "body": {
        "type": "BlockStatement",
        "body": [
          {
            "type": "VariableDeclaration",
            "kind": "let",
            "declarations": [
              {
                "type": "VariableDeclarator",
                "id": {
                  "type": "Identifier",
                  "name": "x",
                  "typeAnnotation": null,
                  "loc": null,
                  "range": [
                    135,
                    136
                  ]
                },
                "init": {
                  "type": "ObjectExpression",
                  "properties": [],
                  "loc": null,
                  "range": [
                    139,
                    141
                  ]
                },
                "loc": null,
                "range": [
                  135,
                  141
                ]
              }
            ],
            "loc": null,
            "range": [
              131,
              142
            ]
          },
          {
            "type": "ExpressionStatement",
            "expression": {
              "type": "AssignmentExpression",
              "operator": "=",
              "left": {
                "type": "MemberExpression",
                "object": {
                  "type": "Identifier",
                  "name": "x",
                  "typeAnnotation": null,
                  "loc": null,
                  "range": [
                    145,
                    146
                  ]
                },
                "property": {
                  "type": "Identifier",
                  "name": "a",
                  "typeAnnotation": null,
                  "loc": null,
                  "range": [
                    147,
                    148
                  ]
                },
                "computed": false,
                "loc": null,
                "range": [
                  145,
                  148
                ]
              },
              "right": {
                "type": "MemberExpression",
                "object": {
                  "type": "Identifier",
                  "name": "props",
                  "typeAnnotation": null,
                  "loc": null,
                  "range": [
                    151,
                    156
                  ]
                },
                "property": {
                  "type": "Identifier",
                  "name": "a",
                  "typeAnnotation": null,
                  "loc": null,
                  "range": [
                    157,
                    158
                  ]
                },
                "computed": false,
                "loc": null,
                "range": [
                  151,
                  158
                ]
              },
              "loc": null,
              "range": [
                145,
                158
              ]
            },
            "directive": null,
            "loc": null,
            "range": [
              145,
              159
            ]
          },
          {
            "type": "ExpressionStatement",
            "expression": {
              "type": "AssignmentExpression",
              "operator": "=",
              "left": {
                "type": "MemberExpression",
                "object": {
                  "type": "Identifier",
                  "name": "x",
                  "typeAnnotation": null,
                  "loc": null,
                  "range": [
                    162,
                    163
                  ]
                },
                "property": {
                  "type": "Identifier",
                  "name": "b",
                  "typeAnnotation": null,
                  "loc": null,
                  "range": [
                    164,
                    165
                  ]
                },
                "computed": false,
                "loc": null,
                "range": [
                  162,
                  165
                ]
              },
              "right": {
                "type": "MemberExpression",
                "object": {
                  "type": "MemberExpression",
                  "object": {
                    "type": "Identifier",
                    "name": "props",
                    "typeAnnotation": null,
                    "loc": null,
                    "range": [
                      168,
                      173
                    ]
                  },
                  "property": {
                    "type": "Identifier",
                    "name": "a",
                    "typeAnnotation": null,
                    "loc": null,
                    "range": [
                      174,
                      175
                    ]
                  },
                  "computed": false,
                  "loc": null,
                  "range": [
                    168,
                    175
                  ]
                },
                "property": {
                  "type": "Identifier",
                  "name": "b",
                  "typeAnnotation": null,
                  "loc": null,
                  "range": [
                    176,
                    177
                  ]
                },
                "computed": false,
                "loc": null,
                "range": [
                  168,
                  177
                ]
              },
              "loc": null,
              "range": [
                162,
                177
              ]
            },
            "directive": null,
            "loc": null,
            "range": [
              162,
              178
            ]
          },
          {
            "type": "ExpressionStatement",
            "expression": {
              "type": "AssignmentExpression",
              "operator": "=",
              "left": {
                "type": "MemberExpression",
                "object": {
                  "type": "Identifier",
                  "name": "x",
                  "typeAnnotation": null,
                  "loc": null,
                  "range": [
                    181,
                    182
                  ]
                },
                "property": {
                  "type": "Identifier",
                  "name": "c",
                  "typeAnnotation": null,
                  "loc": null,
                  "range": [
                    183,
                    184
                  ]
                },
                "computed": false,
                "loc": null,
                "range": [
                  181,
                  184
                ]
              },
              "right": {
                "type": "MemberExpression",
                "object": {
                  "type": "MemberExpression",
                  "object": {
                    "type": "MemberExpression",
                    "object": {
                      "type": "Identifier",
                      "name": "props",
                      "typeAnnotation": null,
                      "loc": null,
                      "range": [
                        187,
                        192
                      ]
                    },
                    "property": {
                      "type": "Identifier",
                      "name": "a",
                      "typeAnnotation": null,
                      "loc": null,
                      "range": [
                        193,
                        194
                      ]
                    },
                    "computed": false,
                    "loc": null,
                    "range": [
                      187,
                      194
                    ]
                  },
                  "property": {
                    "type": "Identifier",
                    "name": "b",
                    "typeAnnotation": null,
                    "loc": null,
                    "range": [
                      195,
                      196
                    ]
                  },
                  "computed": false,
                  "loc": null,
                  "range": [
                    187,
                    196
                  ]
                },
                "property": {
                  "type": "Identifier",
                  "name": "c",
                  "typeAnnotation": null,
                  "loc": null,
                  "range": [
                    197,
                    198
                  ]
                },
                "computed": false,
                "loc": null,
                "range": [
                  187,
                  198
                ]
              },
              "loc": null,
              "range": [
                181,
                198
              ]
            },
            "directive": null,
            "loc": null,
            "range": [
              181,
              199
            ]
          },
          {
            "type": "ReturnStatement",
            "argument": {
              "type": "Identifier",
              "name": "x",
              "typeAnnotation": null,
              "loc": null,
              "range": [
                209,
                210
              ]
            },
            "loc": null,
            "range": [
              202,
              211
            ]
          }
        ],
        "loc": null,
        "range": [
          127,
          213
        ]
      },
      "generator": false,
      "async": false,
      "loc": null,
      "range": [
        89,
        213
      ],
      "loc": null,
      "range": [
        89,
        213
      ]
    }
  ],
  "sourceType": "script",
  "loc": null,
  "range": [
    89,
    213
  ]
}
