---
source: crates/react_hermes_parser/tests/parser_test.rs
expression: "format!(\"Input:\\n{input}\\n\\nOutput:\\n{output}\")"
input_file: crates/react_hermes_parser/tests/fixtures/object-expression-string-literal-key.js
---
Input:
function Component(props) {
  const x = { ["foo"]: props.foo };
  return x;
}


Output:
{
  "type": "Program",
  "body": [
    {
      "type": "FunctionDeclaration",
      "id": {
        "type": "Identifier",
        "name": "Component",
        "typeAnnotation": null,
        "loc": null,
        "range": [
          9,
          18
        ]
      },
      "params": [
        {
          "type": "Identifier",
          "name": "props",
          "typeAnnotation": null,
          "loc": null,
          "range": [
            19,
            24
          ]
        }
      ],
      "body": {
        "type": "BlockStatement",
        "body": [
          {
            "type": "VariableDeclaration",
            "kind": "const",
            "declarations": [
              {
                "type": "VariableDeclarator",
                "id": {
                  "type": "Identifier",
                  "name": "x",
                  "typeAnnotation": null,
                  "loc": null,
                  "range": [
                    36,
                    37
                  ]
                },
                "init": {
                  "type": "ObjectExpression",
                  "properties": [
                    {
                      "type": "Property",
                      "key": {
                        "type": "StringLiteral",
                        "value": "foo",
                        "loc": null,
                        "range": [
                          43,
                          48
                        ]
                      },
                      "value": {
                        "type": "MemberExpression",
                        "object": {
                          "type": "Identifier",
                          "name": "props",
                          "typeAnnotation": null,
                          "loc": null,
                          "range": [
                            51,
                            56
                          ]
                        },
                        "property": {
                          "type": "Identifier",
                          "name": "foo",
                          "typeAnnotation": null,
                          "loc": null,
                          "range": [
                            57,
                            60
                          ]
                        },
                        "computed": false,
                        "loc": null,
                        "range": [
                          51,
                          60
                        ]
                      },
                      "kind": "init",
                      "method": false,
                      "shorthand": false,
                      "computed": true,
                      "loc": null,
                      "range": [
                        42,
                        60
                      ]
                    }
                  ],
                  "loc": null,
                  "range": [
                    40,
                    62
                  ]
                },
                "loc": null,
                "range": [
                  36,
                  62
                ]
              }
            ],
            "loc": null,
            "range": [
              30,
              63
            ]
          },
          {
            "type": "ReturnStatement",
            "argument": {
              "type": "Identifier",
              "name": "x",
              "typeAnnotation": null,
              "loc": null,
              "range": [
                73,
                74
              ]
            },
            "loc": null,
            "range": [
              66,
              75
            ]
          }
        ],
        "loc": null,
        "range": [
          26,
          77
        ]
      },
      "generator": false,
      "async": false,
      "loc": null,
      "range": [
        0,
        77
      ],
      "loc": null,
      "range": [
        0,
        77
      ]
    }
  ],
  "sourceType": "script",
  "loc": null,
  "range": [
    0,
    77
  ]
}
