---
source: crates/react_hermes_parser/tests/parser_test.rs
expression: "format!(\"Input:\\n{input}\\n\\nOutput:\\n{output}\")"
input_file: crates/react_hermes_parser/tests/fixtures/unused-optional-method-assigned-to-variable.js
---
Input:
function Component(props) {
  // unused!
  const obj = makeObject();
  const _ = obj.a?.b?.(props.c);
  return null;
}


Output:
{
  "type": "Program",
  "body": [
    {
      "type": "FunctionDeclaration",
      "id": {
        "type": "Identifier",
        "name": "Component",
        "typeAnnotation": null,
        "loc": null,
        "range": [
          9,
          18
        ]
      },
      "params": [
        {
          "type": "Identifier",
          "name": "props",
          "typeAnnotation": null,
          "loc": null,
          "range": [
            19,
            24
          ]
        }
      ],
      "body": {
        "type": "BlockStatement",
        "body": [
          {
            "type": "VariableDeclaration",
            "kind": "const",
            "declarations": [
              {
                "type": "VariableDeclarator",
                "id": {
                  "type": "Identifier",
                  "name": "obj",
                  "typeAnnotation": null,
                  "loc": null,
                  "range": [
                    49,
                    52
                  ]
                },
                "init": {
                  "type": "CallExpression",
                  "callee": {
                    "type": "Identifier",
                    "name": "makeObject",
                    "typeAnnotation": null,
                    "loc": null,
                    "range": [
                      55,
                      65
                    ]
                  },
                  "arguments": [],
                  "loc": null,
                  "range": [
                    55,
                    67
                  ]
                },
                "loc": null,
                "range": [
                  49,
                  67
                ]
              }
            ],
            "loc": null,
            "range": [
              43,
              68
            ]
          },
          {
            "type": "VariableDeclaration",
            "kind": "const",
            "declarations": [
              {
                "type": "VariableDeclarator",
                "id": {
                  "type": "Identifier",
                  "name": "_",
                  "typeAnnotation": null,
                  "loc": null,
                  "range": [
                    77,
                    78
                  ]
                },
                "init": {
                  "type": "OptionalCallExpression",
                  "callee": {
                    "type": "OptionalMemberExpression",
                    "object": {
                      "type": "MemberExpression",
                      "object": {
                        "type": "Identifier",
                        "name": "obj",
                        "typeAnnotation": null,
                        "loc": null,
                        "range": [
                          81,
                          84
                        ]
                      },
                      "property": {
                        "type": "Identifier",
                        "name": "a",
                        "typeAnnotation": null,
                        "loc": null,
                        "range": [
                          85,
                          86
                        ]
                      },
                      "computed": false,
                      "loc": null,
                      "range": [
                        81,
                        86
                      ]
                    },
                    "property": {
                      "type": "Identifier",
                      "name": "b",
                      "typeAnnotation": null,
                      "loc": null,
                      "range": [
                        88,
                        89
                      ]
                    },
                    "computed": false,
                    "optional": true,
                    "loc": null,
                    "range": [
                      81,
                      89
                    ]
                  },
                  "arguments": [
                    {
                      "type": "MemberExpression",
                      "object": {
                        "type": "Identifier",
                        "name": "props",
                        "typeAnnotation": null,
                        "loc": null,
                        "range": [
                          92,
                          97
                        ]
                      },
                      "property": {
                        "type": "Identifier",
                        "name": "c",
                        "typeAnnotation": null,
                        "loc": null,
                        "range": [
                          98,
                          99
                        ]
                      },
                      "computed": false,
                      "loc": null,
                      "range": [
                        92,
                        99
                      ]
                    }
                  ],
                  "optional": true,
                  "loc": null,
                  "range": [
                    81,
                    100
                  ]
                },
                "loc": null,
                "range": [
                  77,
                  100
                ]
              }
            ],
            "loc": null,
            "range": [
              71,
              101
            ]
          },
          {
            "type": "ReturnStatement",
            "argument": {
              "type": "NullLiteral",
              "loc": null,
              "range": [
                111,
                115
              ]
            },
            "loc": null,
            "range": [
              104,
              116
            ]
          }
        ],
        "loc": null,
        "range": [
          26,
          118
        ]
      },
      "generator": false,
      "async": false,
      "loc": null,
      "range": [
        0,
        118
      ],
      "loc": null,
      "range": [
        0,
        118
      ]
    }
  ],
  "sourceType": "script",
  "loc": null,
  "range": [
    0,
    118
  ]
}
